╭──────────────────────────────────────────────────────────────────────────────────────────────────────────────────────╮
│ Shell jobs  2 total                                                                                                  │
│ filter: go▎                                                                                                          │
│                                                                                                                      │
│ Queued                                                                                                               │
│   ▸ j01QUEUED  go build ./... · queued                                                                               │
│                                                                                                                      │
│                                                                                                                      │
│ Recent                                                                                                               │
│ ▸ ✓ j01DONE00  go test ./... · 2.3s                                                                                  │
│                                                                                                                      │
│   enter fg  ·  d cancel  ·  ↑/↓ nav  ·  / filter  ·  esc close                                                       │
╰──────────────────────────────────────────────────────────────────────────────────────────────────────────────────────╯