╭──────────────────────────────────────────────────────────────────────────────────────────────────────────────────────╮
│ Shell jobs  6 total                                                                                                  │
│                                                                                                                      │
│ Running                                                                                                              │
│ ▸ ▶ j01RUNNIN  npm run dev · running <dur>                                                                          │
│                                                                                                                      │
│                                                                                                                      │
│ Queued                                                                                                               │
│   ▸ j01QUEUED  go build ./... · queued                                                                               │
│                                                                                                                      │
│                                                                                                                      │
│ Background                                                                                                           │
│   ⬡ j01BG0000  tail -f log · running <dur>                                                                          │
│                                                                                                                      │
│                                                                                                                      │
│ Recent                                                                                                               │
│   ✓ j01DONE00  go test ./... · 2.3s                                                                                  │
│   ✗ j01FAIL00  make lint · 2.3s                                                                                      │
│   ✗ j01CANCEL  sleep 999 · 2.3s                                                                                      │
│                                                                                                                      │
│   enter fg  ·  d cancel  ·  ↑/↓ nav  ·  / filter  ·  esc close                                                       │
╰──────────────────────────────────────────────────────────────────────────────────────────────────────────────────────╯