╭──────────────────────────────────────────────────────────────────────────────╮
│ Shell jobs  4 total                                                          │
│                                                                              │
│ Queued                                                                       │
│ ▸ ▸ j01QUEUED  go build ./... · queued                                       │
│                                                                              │
│                                                                              │
│ Recent                                                                       │
│   ✓ j01DONE00  go test ./... · 2.3s                                          │
│   ✗ j01FAIL00  make lint · 2.3s                                              │
│   ✗ j01CANCEL  sleep 999 · 2.3s                                              │
│                                                                              │
│   enter fg  ·  d cancel  ·  ↑/↓ nav  ·  / filter  ·  esc close               │
╰──────────────────────────────────────────────────────────────────────────────╯