╭──────────────────────────────────────────────────────────────────────────────────────────────────────────────────────╮
│ Shell jobs  0 total                                                                                                  │
│                                                                                                                      │
│ no jobs - type `!<cmd>` in the composer to start one                                                                 │
│   ↑/↓ nav  ·  / filter  ·  esc close                                                                                 │
╰──────────────────────────────────────────────────────────────────────────────────────────────────────────────────────╯